// Jest Snapshot v1, https://goo.gl/fbAQLP

exports[`test button example 1`] = `
"<div class=\\"app-type\\">基本使用</div>
<div><button class=\\"b button primary\\" style=\\"margin-right: 5px;\\">Primary</button><button class=\\"b button positive\\" style=\\"margin-right: 5px;\\">Positive</button><button class=\\"b button negative\\" style=\\"margin-right: 5px;\\">Negative</button><button class=\\"b button basic\\" style=\\"margin-right: 5px;\\">Basic</button></div>
<div class=\\"app-type\\">修改大小</div>
<div><button class=\\"b button large\\" style=\\"margin-right: 5px;\\">large</button><button class=\\"b button\\" style=\\"margin-right: 5px;\\">default</button><button class=\\"b button medium\\" style=\\"margin-right: 5px;\\">medium</button><button class=\\"b button small\\" style=\\"margin-right: 5px;\\">small</button><button class=\\"b button tiny\\" style=\\"margin-right: 5px;\\">tiny</button></div>
<div class=\\"app-type\\">禁用</div>
<div><button class=\\"b button\\" style=\\"margin-right: 5px;\\">Disabled</button><button class=\\"b button disabled\\" style=\\"margin-right: 5px;\\">Disabled</button><button class=\\"b button primary\\" style=\\"margin-right: 5px;\\">Disabled</button><button class=\\"b button primary disabled\\">Disabled</button></div>
<div class=\\"app-type\\">loading</div>
<div><button class=\\"b button loading\\">Loading</button></div><!--  <app-type></app-type>-->
<!--  <icon-button></icon-button>-->"
`;
