// Jest Snapshot v1, https://goo.gl/fbAQLP

exports[`test card example 1`] = `
"<div class=\\"app-type\\"></div>
<div class=\\"b-card\\">
  <!--v-if-->
  <div class=\\"b-card__title\\">秋风</div>
  <div class=\\"b-card__subtitle\\">秋风subtitle</div>
  <div class=\\"b-card__description\\">秋风，把果实给了我们。风一吹，葡萄成熟了，晶莹剔透，犹如紫檀色的宝石上还闪着银白色的光呢！苹果结在枝头，红彤彤的，就像一盏盏红灯笼似的，点亮自己，照耀别人；黄黄的梨子宛如一个个金灿灿的葫芦；青绿的香瓜也逐渐在人们的口中传递着，棕褐色的籽、甜津津的水让人们赞不绝口；海南蕉也随着人们的喜爱上到了树上，等待人们采摘……秋风的魔力可真大啊！</div>
  <!--v-if-->
</div>
<div class=\\"app-type\\"></div>
<div class=\\"b-card b-card__shadow\\"><img class=\\"b-card__image objectFit\\" src=\\"https://p1-arco.byteimg.com/tos-cn-i-uwbnlip3yd/a20012a2d4d5b9db43dfc6a01fe508c0.png~tplv-uwbnlip3yd-webp.webp\\">
  <div class=\\"b-card__title\\">风景</div>
  <div class=\\"b-card__subtitle\\">公园路的风景</div>
  <div class=\\"b-card__description\\">秋风，把果实给了我们。风一吹，葡萄成熟了，晶莹剔透，犹如紫檀色的宝石上还闪着银白色的光呢！苹果结在枝头，红彤彤的，就像一盏盏红灯笼似的，点亮自己，照耀别人；黄黄的梨子宛如一个个金灿灿的葫芦；青绿的香瓜也逐渐在人们的口中传递着，棕褐色的籽、甜津津的水让人们赞不绝口</div>
  <div class=\\"b-card__footer\\"><button class=\\"b button primary\\" style=\\"margin-right: 10px;\\">添加按钮</button><button class=\\"b button warning\\">添加按钮</button></div>
</div>"
`;
